CGTN,https://0472.org/hls/cgtn.m3u8
CGTN,http://english-livetx.cgtn.com/hls/yypdyyctzb_hd.m3u8
CGTN俄语,https://0472.org/hls/cgtne.m3u8
CGTN俄语,http://russian-livews.cgtn.com/hls/LSvexABhNipibK5KRuUkvHZ7220802LSTeze9o8tdFXMHsb1VosgoT220802cd.m3u8
CGTN法语,https://0472.org/hls/cgtnf.m3u8
CGTN法语,http://espanol-liveali.cgtn.com/hls/LSveOGBaBw41Ea7ukkVAUdKQ220802LSTexu6xAuFH8VZNBLE1ZNEa220802cd.m3u8
CGTN纪录,https://0472.org/hls/cgtnd.m3u8
CGTN纪录,https://english-livetx.cgtn.com/hls/yypdjlctzb_hd.m3u8
CGTN西语,https://0472.org/hls/cgtnx.m3u8
CGTN阿语,https://0472.org/hls/cgtna.m3u8
中国交通,http://drive.mxmy.net:8888/udp/239.3.1.188:8001
熊猫直播,https://gcwbndali.v.myalicdn.com/gcwbnd/ipanda1000_2/index.m3u8
直播中国,https://gcalic.v.myalicdn.com/gc/wgw05_1/index.m3u8?contentid=2820180516001
支持作者,https://vd3.bdstatic.com/mda-rkaittm5s06vzzyq/sc/cae_h264/1762869883709304452/mda-rkaittm5s06vzzyq.mp4
兵团卫视,http://183.11.239.36:808/hls/7/index.m3u8
兵团卫视,http://120.76.248.139/live/bfgd/4200000124.m3u8
兵团卫视,http://218.13.170.98:9901/tsfile/live/0115_1.m3u8
海峡卫视,http://8.138.7.223/tv/hxws.m3u8
海峡卫视,http://38.64.72.148:80/hls/modn/list/4009/chunklist0.m3u8
海峡卫视,http://38.64.72.148:80/hls/modn/list/4009/playlist.m3u8
海峡卫视,http://hlsbkmgsplive.miguvideo.com/migu/kailu/haixiaws/57/20230724/01.m3u8?msisdn=&Channel_ID=&ContentId=&HlsSubType=&HlsProfileId=&encrypt=
农林卫视,http://120.76.248.139/live/bfgd/4200000122.m3u8
农林卫视,http://8.138.7.223/【公众号：榴芒电视】/农林卫视.m3u8
农林卫视,http://124.116.183.146:9901/tsfile/live/1004_1.m3u8
农林卫视,http://124.116.183.146:9901/tsfile/live/1004_1.m3u8?key=txiptv&playlive=1&authid=0
东方卫视4K,https://bp-resource-dfl.bestv.cn/148/3/video.m3u8
北京卫视4K超,http://183.215.134.239:19901/tsfile/live/0122_1.m3u8?key=txiptv&playlive=1&authid=0
苏州4K,https://tylive.kan0512.com/norecord/csztv4k_4k.m3u8
凤凰电影,http://iot-mqqt.111yao.cn:8080/live/diyp_fhdy.m3u8
龙华电影,https://cdn8.163189.xyz/live/lhdy/stream.m3u8
AMC电影,http://61.221.215.25:8800/hls/43/index.m3u8
28岁电影,https://goodiptv.club/douyu/8884164
CHC电影,http://183.237.95.108:9901/tsfile/live/1008_1.m3u8?key=txiptv&playlive=0&authid=0
万合出品,https://goodiptv.club/douyu/9220456
三七电影V,https://goodiptv.club/douyu/9457792
二胖影视,https://goodiptv.club/douyu/10064260
五分钟电影汇,https://goodiptv.club/douyu/8443438
人在囧途,https://vip.ffzy-play.com/20221018/1953_2d6ba500/index.m3u8
人在囧途之泰囧,https://vip.ffzy-play.com/20221018/1951_47e1adc8/index.m3u8
人在囧途之港囧,https://vip.ffzy-play7.com/20230112/11082_fde1a94d/index.m3u8
佛曰影视,https://goodiptv.club/douyu/9671758
倩女幽魂人间道,http://jsmov2.a.yximgs.com/bs3/video-hls/5250634317044855747_hlsb.m3u8
倩女幽魂妖魔道,http://jsmov2.a.yximgs.com/bs3/video-hls/5232901391302199073_hlsb.m3u8
倩女幽魂道道道,http://jsmov2.a.yximgs.com/bs3/video-hls/5216294367991385255_hlsb.m3u8
刘哔电影,https://goodiptv.club/douyu/2632223
前任电影,https://goodiptv.club/douyu/9329242
发条张的电影最TOP,https://goodiptv.club/douyu/2164691
哈利影视,https://goodiptv.club/douyu/8475821
唯爱经典影视,https://goodiptv.club/douyu/7582564
喜人电影,https://goodiptv.club/douyu/10348735
喜剧电影笑不停,https://goodiptv.club/douyu/10298856
噬元兽影视,https://goodiptv.club/douyu/8896723
墨逗电影,https://goodiptv.club/douyu/9614847
大米饭影视,https://goodiptv.club/douyu/9824094
大荒电影,https://goodiptv.club/douyu/3508538
奇怪电影,https://goodiptv.club/douyu/9440966
寒战,https://vip.ffzy-play6.com/20221019/157_bf0740ee/index.m3u8
影视梗大叔,https://goodiptv.club/douyu/9480648
影视笑工场,https://goodiptv.club/douyu/10298846
影视英雄汇,https://goodiptv.club/douyu/10240495
影视集装箱,https://goodiptv.club/douyu/8651489
怪兽马提尼电影,https://goodiptv.club/douyu/9075333
怪味爆米花电影,https://goodiptv.club/douyu/9422144
我不是药神,https://vip.ffzy-play1.com/20221018/478_c3afed66/index.m3u8
拆弹专家1,https://vip.ffzy-online.com/20221015/719_80ff87c2/index.m3u8
拆弹专家2,https://vip.ffzy-online.com/20221015/722_e32c42bc/index.m3u8
无际电影,https://goodiptv.club/douyu/9720498
有部电影儿,https://goodiptv.club/douyu/9736479
每日好电影V,https://goodiptv.club/douyu/9533302
洛克电影,https://goodiptv.club/douyu/9414884
涛浪浪电影,https://goodiptv.club/douyu/5424258
熊猫电影,https://goodiptv.club/douyu/3506483
特辑电影院,https://goodiptv.club/douyu/3637778
狗毛电影,https://goodiptv.club/douyu/9356637
独立鱼电影,https://goodiptv.club/douyu/2413555
猫眼电影,https://goodiptv.club/douyu/8726221
玖月影视,https://goodiptv.club/douyu/9339251
电影七十二变,https://goodiptv.club/douyu/9323164
电影丧尸片,http://live.metshop.top/huya/21059578?cdn=alicdn
电影先锋V,https://goodiptv.club/douyu/8711212
电影八点档,http://live.metshop.top/huya/880261?cdn=alicdn
电影刘德华,http://live.metshop.top/huya/11342424?cdn=alicdn
电影刘油果,https://goodiptv.club/douyu/3985805
电影动作电影,http://live.metshop.top/huya/11602077?cdn=alicdn
电影吐槽汇,https://goodiptv.club/douyu/9447668
电影周星星,http://live.metshop.top/huya/11336587?cdn=alicdn
电影嫣然影厅,http://live.metshop.top/huya/11601977?cdn=alicdn
电影小班长,https://goodiptv.club/douyu/549693
电影幕后喵,https://goodiptv.club/douyu/8884074
电影战争片,http://live.metshop.top/huya/21059574?cdn=alicdn
电影搞笑喜剧,http://live.metshop.top/huya/11342423?cdn=alicdn
电影梁家辉,http://live.metshop.top/huya/11342429?cdn=alicdn
电影漩涡,https://goodiptv.club/douyu/8706350
电影犯罪片,http://live.metshop.top/huya/11352974?cdn=alicdn
电影谍战,http://live.metshop.top/huya/21059585?cdn=alicdn
电影谍战片,http://live.metshop.top/huya/21059587?cdn=alicdn
电影贺岁,http://live.metshop.top/huya/11601971?cdn=alicdn
电影迷小雅,https://goodiptv.club/douyu/9639225
电影高分动作,http://live.metshop.top/huya/11352884?cdn=alicdn
电影黑匣子,https://goodiptv.club/douyu/8706652
粤语电影丶,https://goodiptv.club/douyu/1226741
维立方电影,https://goodiptv.club/douyu/8706393
老王的夜电影院,https://goodiptv.club/douyu/3498219
老电影故事,https://goodiptv.club/douyu/9167273
腹黑电影,https://goodiptv.club/douyu/8867878
莱纳电影,https://goodiptv.club/douyu/9356937
让子弹飞,https://vip.ffzy-play7.com/20230116/11563_b9f44814/index.m3u8
贝爷求生影视,https://goodiptv.club/douyu/9661369
贰哥电影,https://goodiptv.club/douyu/9338867
逐梦电影,https://goodiptv.club/douyu/4058285
野格影视,https://goodiptv.club/douyu/9931766
铁血影视汇,https://goodiptv.club/douyu/9649701
阿苏电影,https://goodiptv.club/douyu/9037784
韩国电影2,https://stream.ads.ottera.tv/playlist.m3u8?network_id=743
香兰爱影视,https://goodiptv.club/douyu/9487090
龙门飞甲,http://jsmov2.a.yximgs.com/bs3/video-hls/5203346449046555193_hlsb.m3u8
重温经典,https://other.ottiptv.cc/cwjd.m3u8
纪实科教8K,http://111.31.106.140/downflv.brtvcloud.com/8klive/8kliveok.m3u8
南国都市,https://tencentplay.gztv.com/live/nanguodushi.m3u8?txSecret=550af55c0ea34ce492748481415b6dfa&txTime=1903e7b17de
新视觉,http://120.76.248.139/live/bfgd/4200000249.m3u8
纪实科教,http://120.76.248.139/live/bfgd/4200000113.m3u8
广东少儿,http://gmxw.7766.org:808/hls/175/index.m3u8
动画大师姐,https://goodiptv.club/douyu/9742136
动画魂,https://goodiptv.club/douyu/9393242
韩国EBS少儿,http://ebsonairios.ebs.co.kr/ebsutablet500k/tablet500k/playlist.m3u8
0小行家0,https://goodiptv.club/douyu/9280356
11No巴蒂11,https://goodiptv.club/douyu/9455937
1900影剧室,https://goodiptv.club/douyu/7796193
3030相声小品,https://goodiptv.club/douyu/9286868
3秒爱上学习V,https://goodiptv.club/douyu/9541736
7师傅,https://goodiptv.club/douyu/17732
9iota,https://goodiptv.club/douyu/8881729
AK萌虎,https://goodiptv.club/douyu/4049310
Acer丶宏正,https://goodiptv.club/douyu/10670244
Angela小兔,https://goodiptv.club/douyu/9617766
Bella贝拉酱,https://goodiptv.club/douyu/9663084
BetterMan北北,https://goodiptv.club/douyu/8507023
Biu餐厅主管,https://goodiptv.club/douyu/7921708
BuriedAlien的号,https://goodiptv.club/douyu/9440728
CF柒年,https://goodiptv.club/douyu/9087887
C座802,https://goodiptv.club/douyu/8768943
DS女老诗,https://goodiptv.club/douyu/563536
Devil青酱,https://goodiptv.club/douyu/9510544
Ethan清醒思考,https://goodiptv.club/douyu/9481151
FGO丶Master1,https://goodiptv.club/douyu/9477851
Fatal飞雪,https://goodiptv.club/douyu/8813596
Hi欣欣,https://goodiptv.club/douyu/11996166
JhZj丶天明,https://goodiptv.club/douyu/1006179
Jonas888,https://goodiptv.club/douyu/6054446
KBShinya,https://goodiptv.club/douyu/8970851
KUMA轻松熊博士,https://goodiptv.club/douyu/2282604
KyoKyo不是QQ,https://goodiptv.club/douyu/4732337
LOUIS樱,https://goodiptv.club/douyu/9235284
LR1245,https://goodiptv.club/douyu/12534632
MJ小林大人嗷,https://goodiptv.club/douyu/9204381
MordonFreeman是谁,https://goodiptv.club/douyu/9524579
Nino学长,https://goodiptv.club/douyu/9525473
OE档案,https://goodiptv.club/douyu/6725858
Only丶邵氏,https://goodiptv.club/douyu/4246519
PhantomStrider,https://goodiptv.club/douyu/9683911
Poison丶冰冰,https://goodiptv.club/douyu/74374
Psyman塞门,https://goodiptv.club/douyu/9753585
QLIMES,https://goodiptv.club/douyu/1039732
RNDxc,https://goodiptv.club/douyu/4585643
Rabbit每日爆料,https://goodiptv.club/douyu/9685652
Red袖袖,https://goodiptv.club/douyu/9645396
SH11N,https://goodiptv.club/douyu/9650451
SKYE魏,https://goodiptv.club/douyu/9460834
Svip丶YoYo,https://goodiptv.club/douyu/3472959
TSSS映画,https://goodiptv.club/douyu/9749339
TUOK肖恩,https://goodiptv.club/douyu/9392433
UP主DJC,https://goodiptv.club/douyu/9429545
WANJINNY,https://goodiptv.club/douyu/9567755
W总动员,https://goodiptv.club/douyu/9480767
XCin888,https://goodiptv.club/douyu/3617935
YIKa777,https://goodiptv.club/douyu/8868213
a5dmin,https://goodiptv.club/douyu/1102973
a萌小翘臀,https://goodiptv.club/douyu/7552568
baby丶贝贝,https://goodiptv.club/douyu/431460
bbox达人,https://goodiptv.club/douyu/428402
dw151295068,https://goodiptv.club/douyu/12655359
dy荒野建造,https://goodiptv.club/douyu/10039437
epcdiy,https://goodiptv.club/douyu/8759268
fans圈娱乐,https://goodiptv.club/douyu/9630581
gslaini,https://goodiptv.club/douyu/6997954
kk6506,https://goodiptv.club/douyu/4579455
ljgdy,https://goodiptv.club/douyu/1600769
low君热剧,https://goodiptv.club/douyu/8461020
mad叶月Mashiro灬,https://goodiptv.club/douyu/9192932
mn静静nm,https://goodiptv.club/douyu/5668371
mzx阿哲,https://goodiptv.club/douyu/9483965
py86阿,https://goodiptv.club/douyu/8849954
xiaoxiao1004,https://goodiptv.club/douyu/2569874
一个机智张张,https://goodiptv.club/douyu/9653063
一把钢刀镇斗虞,https://goodiptv.club/douyu/7356023
一束光开始,https://goodiptv.club/douyu/8662684
一条正弦sin,https://goodiptv.club/douyu/9497985
一条闲木鱼,https://goodiptv.club/douyu/10102281
一生titus,https://goodiptv.club/douyu/12065569
一目十影,https://goodiptv.club/douyu/3643605
一颗咕咕星,https://goodiptv.club/douyu/9388557
万事通熊猫,https://goodiptv.club/douyu/7812810
万合鲜肉老师,https://goodiptv.club/douyu/9815091
三个老爸实验室,https://goodiptv.club/douyu/9090487
三国颜老师,https://goodiptv.club/douyu/12253936
三斤呦,https://goodiptv.club/douyu/9047933
三新动漫,https://goodiptv.club/douyu/9548279
不二真探,https://goodiptv.club/douyu/10319545
不会骑马的健身少年,https://goodiptv.club/douyu/8862198
不思异剧场,https://goodiptv.club/douyu/9297412
世界未解之谜M,https://goodiptv.club/douyu/9369468
世界纪录大全,https://goodiptv.club/douyu/9406359
丛林工程师,https://goodiptv.club/douyu/9804149
中二大帝妮可姬,https://goodiptv.club/douyu/9612400
中二的枫哲酱,https://goodiptv.club/douyu/9541849
丶清风浊酒丶,https://goodiptv.club/douyu/5918434
主播拍个肚皮,https://goodiptv.club/douyu/9387499
乌拉吖有剧,https://goodiptv.club/douyu/10075154
乐儿丶Ler,https://goodiptv.club/douyu/8221699
九冢嵬,https://goodiptv.club/douyu/9393501
乡间大路上,https://goodiptv.club/douyu/9850661
书岳钓鱼,https://goodiptv.club/douyu/10100206
二次元fans鹿鹿,https://goodiptv.club/douyu/8661526
云襄白羽,https://goodiptv.club/douyu/10508677
亮亮也是酿酿,https://goodiptv.club/douyu/4340136
人生回答机本机,https://goodiptv.club/douyu/9409722
人类早期驯服,https://goodiptv.club/douyu/8892864
仓鼠大逃亡,https://goodiptv.club/douyu/10354920
伊太刀刀,https://goodiptv.club/douyu/747764
伊西wind,https://goodiptv.club/douyu/12641373
你的瑜伽女孩,https://goodiptv.club/douyu/10205199
你真像个小丑,https://goodiptv.club/douyu/10730187
你顶亲亲的前女友,https://goodiptv.club/douyu/8896746
俩个麻瓜,https://goodiptv.club/douyu/10121755
傲娇一喵喵,https://goodiptv.club/douyu/9392610
傲娇的超级赛亚人,https://goodiptv.club/douyu/4373285
光之镇魂曲,https://goodiptv.club/douyu/12684513
兔兔MC维辰软桃团,https://goodiptv.club/douyu/8266799
八幡老师1,https://goodiptv.club/douyu/9272043
关云猖,https://goodiptv.club/douyu/8820996
养狗的一浩,https://goodiptv.club/douyu/9478842
内蒙卡秋,https://goodiptv.club/douyu/9067858
内蒙古欢乐驿站,https://goodiptv.club/douyu/9365077
农村一级野钓大师,https://goodiptv.club/douyu/9433591
农村幺妹儿,https://goodiptv.club/douyu/9344884
冥王星丶丶,https://goodiptv.club/douyu/296575
冰糖葫芦没放盐V,https://goodiptv.club/douyu/3505453
冷孝洪,https://goodiptv.club/douyu/9527761
几号房间,https://goodiptv.club/douyu/8829425
凤起青云,https://goodiptv.club/douyu/749124
刀刀de食堂,https://goodiptv.club/douyu/6733133
分享备用,https://goodiptv.club/douyu/5804577
刘松毅,https://goodiptv.club/douyu/12128227
创艺微视觉,https://goodiptv.club/douyu/12619211
利利川,https://goodiptv.club/douyu/9329249
别闹了美越,https://goodiptv.club/douyu/9548244
制造show,https://goodiptv.club/douyu/9550226
剧燃有趣,https://goodiptv.club/douyu/10329702
剧能下饭鹰,https://goodiptv.club/douyu/11931032
剧透大爆炸,https://goodiptv.club/douyu/1739752
动漫推荐i,https://goodiptv.club/douyu/5187099
助眠师海宝宝,https://goodiptv.club/douyu/1103328
励志少年派,https://goodiptv.club/douyu/8700367
勇敢的荒野人,https://goodiptv.club/douyu/9618038
北京影帝的分身,https://goodiptv.club/douyu/9805480
十七岁的道姑,https://goodiptv.club/douyu/3186217
半打星冰乐,https://goodiptv.club/douyu/7481383
华白雨,https://goodiptv.club/douyu/9495454
单纯的顺才少爷,https://goodiptv.club/douyu/10084875
卖女孩滴小姑凉,https://goodiptv.club/douyu/922564
卖爆鱼的小姑娘,https://goodiptv.club/douyu/5982597
南国小豆豆,https://goodiptv.club/douyu/3310454
卡密密尼,https://goodiptv.club/douyu/9013989
卡皮君本人,https://goodiptv.club/douyu/9050486
卿离倾心,https://goodiptv.club/douyu/7286439
历史经典烩,https://goodiptv.club/douyu/9487003
压力洋哥,https://goodiptv.club/douyu/5297259
去种田的向凹凸,https://goodiptv.club/douyu/9570290
只关于篮球的只老师,https://goodiptv.club/douyu/9367541
可乐家的老骑士,https://goodiptv.club/douyu/9958943
台球帝,https://goodiptv.club/douyu/10078171
史君观影,https://goodiptv.club/douyu/9644669
吃鸡小表弟,https://goodiptv.club/douyu/9370197
同学请坐吧,https://goodiptv.club/douyu/3736649
同行渔猎笔记,https://goodiptv.club/douyu/2718202
名人物语DY,https://goodiptv.club/douyu/9539063
名曰老饕,https://goodiptv.club/douyu/1732550
君笑坊,https://goodiptv.club/douyu/9444093
吟游诗人基德,https://goodiptv.club/douyu/9337049
吟笑派,https://goodiptv.club/douyu/2987100
吸奇侠,https://goodiptv.club/douyu/8986636
吾恩5nn,https://goodiptv.club/douyu/9631914
周六野Zoey,https://goodiptv.club/douyu/8912150
周扒片,https://goodiptv.club/douyu/6434857
周星驰的直播间,https://goodiptv.club/douyu/8257039
周队长captain,https://goodiptv.club/douyu/9023539
和猫住丶,https://goodiptv.club/douyu/850030
咚得勒咚咚,https://goodiptv.club/douyu/9163452
咸车,https://goodiptv.club/douyu/9498554
咸鱼翻身是另一面咸鱼,https://goodiptv.club/douyu/527076
哇萨比抓马WD,https://goodiptv.club/douyu/8808506
哲忆丶,https://goodiptv.club/douyu/8977251
唐人探影,https://goodiptv.club/douyu/10371561
善逸丶,https://goodiptv.club/douyu/2067020
喵招诗雨,https://goodiptv.club/douyu/9651121
喵来啦V,https://goodiptv.club/douyu/8657669
嘴巴鼻子没有沟,https://goodiptv.club/douyu/10217984
国士无双人物传奇,https://goodiptv.club/douyu/9544555
国际吸猫协会,https://goodiptv.club/douyu/8657834
圈踢动漫,https://goodiptv.club/douyu/1952680
在下小苏Su,https://goodiptv.club/douyu/8658051
培根悖论唠唠嗑,https://goodiptv.club/douyu/5354713
堇姑娘,https://goodiptv.club/douyu/297689
壹丨哥,https://goodiptv.club/douyu/5692901
夏利俊EWE路亚,https://goodiptv.club/douyu/9974427
夏夜柚子树,https://goodiptv.club/douyu/9606419
夏天的西瓜不想冰镇,https://goodiptv.club/douyu/4943557
夏日幻听MCE,https://goodiptv.club/douyu/9546437
外卖仙人成天,https://goodiptv.club/douyu/9498506
夙瑶瑾,https://goodiptv.club/douyu/9450568
多发几个思雨,https://goodiptv.club/douyu/7256376
多多其木格,https://goodiptv.club/douyu/9075374
多巴安工作室,https://goodiptv.club/douyu/9446799
夜与白鲸V,https://goodiptv.club/douyu/9734515
大力学姐,https://goodiptv.club/douyu/8784719
大坑侦探社,https://goodiptv.club/douyu/9440339
大帅比陈雅楠,https://goodiptv.club/douyu/9718700
大庆在农村,https://goodiptv.club/douyu/9477316
大汁猪,https://goodiptv.club/douyu/9191071
大河庄一世繁华,https://goodiptv.club/douyu/9501548
大漠叔叔Dm,https://goodiptv.club/douyu/1109218
大熊观影,https://goodiptv.club/douyu/8851140
大狼狗刨祖坟,https://goodiptv.club/douyu/10217975
大笑影院,https://goodiptv.club/douyu/10329300
大胡子魏,https://goodiptv.club/douyu/8792763
大蓝雀,https://goodiptv.club/douyu/8656759
天JIANG,https://goodiptv.club/douyu/9455480
天才大熊猫啊,https://goodiptv.club/douyu/10646699
天才简史,https://goodiptv.club/douyu/8662915
天才霸总的狐崽崽,https://goodiptv.club/douyu/10394922
